MIB search path: c:/usr/share/snmp/mibs
Cannot find module (IP-MIB): At line 0 in (none)
Cannot find module (IF-MIB): At line 0 in (none)
Cannot find module (TCP-MIB): At line 0 in (none)
Cannot find module (UDP-MIB): At line 0 in (none)
Cannot find module (HOST-RESOURCES-MIB): At line 0 in (none)
Cannot find module (SNMPv2-MIB): At line 0 in (none)
Cannot find module (SNMPv2-SMI): At line 0 in (none)
Cannot find module (NOTIFICATION-LOG-MIB): At line 0 in (none)
Cannot find module (UCD-SNMP-MIB): At line 0 in (none)
Cannot find module (UCD-DEMO-MIB): At line 0 in (none)
Cannot find module (SNMP-TARGET-MIB): At line 0 in (none)
Cannot find module (NET-SNMP-AGENT-MIB): At line 0 in (none)
Cannot find module (DISMAN-EVENT-MIB): At line 0 in (none)
Cannot find module (SNMP-VIEW-BASED-ACM-MIB): At line 0 in (none)
Cannot find module (SNMP-COMMUNITY-MIB): At line 0 in (none)
Cannot find module (SNMP-FRAMEWORK-MIB): At line 0 in (none)
Cannot find module (SNMP-MPD-MIB): At line 0 in (none)
Cannot find module (SNMP-USER-BASED-SM-MIB): At line 0 in (none)
Cannot find module (SNMP-NOTIFICATION-MIB): At line 0 in (none)
Cannot find module (SNMPv2-TM): At line 0 in (none)
PHPUnit 11.5.55 by Sebastian Bergmann and contributors.

Runtime:       PHP 8.5.1
Configuration: C:\Users\thara\source\repos\mailsandbox\phpunit.xml

E                                                                   1 / 1 (100%)

Time: 00:00.659, Memory: 42.00 MB

There was 1 error:

1) Tests\Feature\TagControllerTest::test_can_toggle_tag_on_message
Error: Class "Database\Factories\TenantFactory" not found

C:\Users\thara\source\repos\mailsandbox\vendor\laravel\framework\src\Illuminate\Database\Eloquent\Factories\Factory.php:993
C:\Users\thara\source\repos\mailsandbox\vendor\laravel\framework\src\Illuminate\Database\Eloquent\Factories\HasFactory.php:21
C:\Users\thara\source\repos\mailsandbox\tests\Feature\TagControllerTest.php:26

ERRORS!
Tests: 1, Assertions: 0, Errors: 1.
